// 重构日志: c6e972af
// 重构日志: 6735074a
// 重构日志: b20179b1
// 重构日志: 3efd8201
// 重构日志: 62de7f78
// 重构日志: 305cf1d3
// 重构日志: 309acc00
// 重构日志: 3a1f6915
// 同步 ID: 1446c4cb @ Sun Aug  2 12:18:42 UTC 2026
// 重构日志: f628f590
// 重构日志: 2ad53783
// 同步 ID: 5b9b23d6 @ Mon Aug  3 00:52:18 UTC 2026
// 重构日志: c9b14be5
// 重构日志: 5bed56a4
// 重构日志: d1d3e099
// 同步 ID: a03f47aa @ Tue Aug  4 20:43:40 UTC 2026
// 重构日志: e7ba763a
// 同步 ID: 87bbed68 @ Wed Aug  5 07:24:18 UTC 2026
// 重构日志: 291e27bd
// 重构日志: d8d7a0d9
// 重构日志: 70740b12
// 重构日志: 00327057
// 同步 ID: c5bb9980 @ Thu Aug  6 10:29:22 UTC 2026
// 重构日志: 2fee6a2c
// 重构日志: 1b0fcd13
// 重构日志: b09fb15f
// 重构日志: 9d094da9
// 重构日志: 04c9ab5d
// 重构日志: 1f8d27d4
// 同步 ID: 24da01d3 @ Sat Aug  8 12:22:12 UTC 2026
